
> Task :do-this:dependencies

------------------------------------------------------------
Project ':do-this'
------------------------------------------------------------

annotationProcessor - Annotation processors and their dependencies for source set 'main'.
No dependencies

api - API dependencies for the 'main' feature. (n)
\--- org.jetbrains:kotlinx-coroutines-core:1.10.0 (n)

apiElements - API elements for the 'main' feature. (n)
No dependencies

compileClasspath - Compile classpath for source set 'main'.
\--- org.jetbrains:kotlinx-coroutines-core:1.10.0 FAILED

compileOnly - Compile-only dependencies for the 'main' feature. (n)
No dependencies

compileOnlyApi - Compile-only API dependencies for the 'main' feature. (n)
No dependencies

default - Configuration for default artifacts. (n)
No dependencies

implementation - Implementation dependencies for the 'main' feature. (n)
No dependencies

mainSourceElements - List of source directories contained in the Main SourceSet. (n)
No dependencies

runtimeClasspath - Runtime classpath of source set 'main'.
\--- org.jetbrains:kotlinx-coroutines-core:1.10.0 FAILED

runtimeElements - Runtime elements for the 'main' feature. (n)
No dependencies

runtimeOnly - Runtime-only dependencies for the 'main' feature. (n)
No dependencies

testAnnotationProcessor - Annotation processors and their dependencies for source set 'test'.
No dependencies

testCompileClasspath - Compile classpath for source set 'test'.
\--- org.jetbrains:kotlinx-coroutines-core:1.10.0 FAILED

testCompileOnly - Compile only dependencies for source set 'test'. (n)
No dependencies

testImplementation - Implementation only dependencies for source set 'test'. (n)
No dependencies

testRuntimeClasspath - Runtime classpath of source set 'test'.
\--- org.jetbrains:kotlinx-coroutines-core:1.10.0 FAILED

testRuntimeOnly - Runtime only dependencies for source set 'test'. (n)
No dependencies

(n) - A dependency or dependency configuration that cannot be resolved.

A web-based, searchable dependency report is available by adding the --scan option.

BUILD SUCCESSFUL in 0s
1 actionable task: 1 executed