> Task :dummyTask UP-TO-DATE

BUILD SUCCESSFUL in 0s
