> Task :lib:compileJava
> Task :lib:processResources NO-SOURCE
> Task :lib:classes
> Task :lib:jar
> Task :lib:assemble
> Task :lib:compileTestJava NO-SOURCE
> Task :lib:processTestResources NO-SOURCE
> Task :lib:testClasses UP-TO-DATE
> Task :lib:test NO-SOURCE
> Task :lib:check UP-TO-DATE
> Task :lib:build
